// Jest Snapshot v1, https://goo.gl/fbAQLP

exports[`<Col /> should render default style correctly 1`] = `
.c0 {
  box-sizing: border-box;
  -webkit-flex: 1 0 auto;
  -ms-flex: 1 0 auto;
  flex: 1 0 auto;
  max-width: 100%;
  display: -webkit-box;
  display: -webkit-flex;
  display: -ms-flexbox;
  display: flex;
  -webkit-flex-direction: column;
  -ms-flex-direction: column;
  flex-direction: column;
}

@media only screen and (min-width:1rem) {
  .c0 {
    padding-right: 0.5rem;
    padding-left: 0.5rem;
  }
}

@media only screen and (min-width:40rem) {
  .c0 {
    padding-right: 0.75rem;
    padding-left: 0.75rem;
  }
}

@media only screen and (min-width:64rem) {
  .c0 {
    padding-right: 0.75rem;
    padding-left: 0.75rem;
  }
}

@media only screen and (min-width:80rem) {
  .c0 {
    padding-right: 0.75rem;
    padding-left: 0.75rem;
  }
}

@media only screen and (min-width:90rem) {
  .c0 {
    padding-right: 1rem;
    padding-left: 1rem;
  }
}

@media only screen and (min-width:120rem) {
  .c0 {
    padding-right: 1rem;
    padding-left: 1rem;
  }
}

<div
  className="c0"
/>
`;
