// Jest Snapshot v1, https://goo.gl/fbAQLP

exports[`<Container /> should render default style correctly 1`] = `
.c0 {
  margin-right: auto;
  margin-left: auto;
  max-width: 100%;
  box-sizing: border-box;
}

@media only screen and (min-width:1rem) {
  .c0 {
    padding-left: 1.5rem;
    padding-right: 1.5rem;
  }
}

@media only screen and (min-width:40rem) {
  .c0 {
    padding-left: 1.75rem;
    padding-right: 1.75rem;
  }
}

@media only screen and (min-width:64rem) {
  .c0 {
    padding-left: 1.75rem;
    padding-right: 1.75rem;
  }
}

@media only screen and (min-width:80rem) {
  .c0 {
    padding-left: 1.75rem;
    padding-right: 1.75rem;
  }
}

@media only screen and (min-width:90rem) {
  .c0 {
    padding-left: 2.5rem;
    padding-right: 2.5rem;
  }
}

@media only screen and (min-width:120rem) {
  .c0 {
    padding-left: 2.5rem;
    padding-right: 2.5rem;
  }
}

@media only screen and (min-width:1rem) {
  .c0 {
    width: 100%;
  }
}

@media only screen and (min-width:40rem) {
  .c0 {
    width: 100%;
  }
}

@media only screen and (min-width:64rem) {
  .c0 {
    width: 100%;
  }
}

@media only screen and (min-width:80rem) {
  .c0 {
    width: 100%;
  }
}

@media only screen and (min-width:90rem) {
  .c0 {
    width: 100%;
  }
}

@media only screen and (min-width:120rem) {
  .c0 {
    max-width: 120rem;
  }
}

<div
  className="c0"
/>
`;
